exports[`default view`] = `
<div>
  <div>
    <u>
      Sign in â–¾
    </u>
  </div>
</div>
`;
