exports[`default view`] = `
<div>
  NewPollButton
</div>
`;
