exports[`default view`] = `
<div>
  Poll
</div>
`;
