exports[`default view`] = `
<div>
  PollChart
</div>
`;
