exports[`default view`] = `
<ul
  style={
    Object {
      "paddingLeft": 0
    }
  }>
  <li
    style={
      Object {
        "borderBottom": "#eee solid 1px",
        "listStyle": "none",
        "padding": 15,
        "position": "relative"
      }
    }>
    <a
      href="/polls/1"
      style={
        Object {
          "color": "#7700ff",
          "textDecoration": "none"
        }
      }>
      The Best Captain
    </a>
    <button
      className="ButtonCircle"
      href={undefined}
      onClick={[Function anonymous]}
      style={
        Object {
          "backgroundColor": "#f52",
          "border": 0,
          "borderRadius": 99999,
          "boxSizing": "border-box",
          "color": "#fff",
          "cursor": "pointer",
          "display": "inline-block",
          "float": "right",
          "fontFamily": "inherit",
          "fontSize": "inherit",
          "fontWeight": 600,
          "height": 32,
          "lineHeight": "16px",
          "margin": 0,
          "minHeight": 32,
          "padding": 0,
          "paddingBottom": 8,
          "paddingLeft": 16,
          "paddingRight": 16,
          "paddingTop": 8,
          "textDecoration": "none",
          "width": 32
        }
      }
      title="Delete">
      <div
        style={
          Object {
            "alignItems": "center",
            "display": "flex",
            "height": "100%",
            "justifyContent": "center"
          }
        }>
        Ã—
      </div>
    </button>
  </li>
  <li
    style={
      Object {
        "borderBottom": "#eee solid 1px",
        "listStyle": "none",
        "padding": 15,
        "position": "relative"
      }
    }>
    <a
      href="/polls/2"
      style={
        Object {
          "color": "#7700ff",
          "textDecoration": "none"
        }
      }>
      Ice Cream Flavor
    </a>
  </li>
</ul>
`;
