exports[`default view`] = `
<div>
  NewOptionButton
</div>
`;
