exports[`default view`] = `
<div>
  PollButton
</div>
`;
