exports[`default view`] = `
<div>
  <div />
</div>
`;
