exports[`default view`] = `
<div>
  Footer
</div>
`;
