exports[`default view`] = `
<div>
  NewPollForm
</div>
`;
